export const snapshot = {};

snapshot[`tokenize() 1`] = `
[
  {
    den: 473628672,
    i: 2,
    k: 27,
    mag: 1000,
    num: 25400000,
    opcode: 247,
    x: " TeX output 2023.12.31:1042",
  },
  {
    c_0: 1,
    c_1: 0,
    c_2: 0,
    c_3: 0,
    c_4: 0,
    c_5: 0,
    c_6: 0,
    c_7: 0,
    c_8: 0,
    c_9: 0,
    opcode: 139,
    p: -1,
  },
  {
    opcode: 141,
  },
  {
    k: 26,
    opcode: 239,
    x: Uint8Array(26) [
      104,
      101,
      97,
      100,
      101,
      114,
      61,
      108,
      51,
      98,
      97,
      99,
      107,
      101,
      110,
      100,
      45,
      100,
      118,
      105,
      112,
      115,
      46,
      112,
      114,
      111,
    ],
  },
  {
    k: 31,
    opcode: 239,
    x: Uint8Array(31) [
      112,
      97,
      112,
      101,
      114,
      115,
      105,
      122,
      101,
      61,
      54,
      49,
      52,
      46,
      50,
      57,
      53,
      112,
      116,
      44,
      55,
      57,
      52,
      46,
      57,
      54,
      57,
      57,
      57,
      112,
      116,
    ],
  },
  {
    opcode: 142,
  },
  {
    a: 41484288,
    opcode: 157,
  },
  {
    opcode: 141,
  },
  {
    a: -39649280,
    opcode: 157,
  },
  {
    opcode: 141,
  },
  {
    opcode: 141,
  },
  {
    b: 4063232,
    opcode: 143,
  },
  {
    k: 17,
    opcode: 239,
    x: Uint8Array(17) [
      99,
      111,
      108,
      111,
      114,
      32,
      112,
      117,
      115,
      104,
      32,
      103,
      114,
      97,
      121,
      32,
      48,
    ],
  },
  {
    b: 22609920,
    opcode: 143,
  },
  {
    k: 9,
    opcode: 239,
    x: Uint8Array(9) [
      99,
      111,
      108,
      111,
      114,
      32,
      112,
      111,
      112,
    ],
  },
  {
    opcode: 142,
  },
  {
    opcode: 142,
  },
  {
    a: 37683200,
    opcode: 157,
  },
  {
    opcode: 141,
  },
  {
    b: 4063232,
    opcode: 143,
  },
  {
    a: -36044800,
    opcode: 157,
  },
  {
    k: 17,
    opcode: 239,
    x: Uint8Array(17) [
      99,
      111,
      108,
      111,
      114,
      32,
      112,
      117,
      115,
      104,
      32,
      103,
      114,
      97,
      121,
      32,
      48,
    ],
  },
  {
    a: 655360,
    opcode: 161,
  },
  {
    opcode: 141,
  },
  {
    b: 983040,
    opcode: 143,
  },
  {
    a: 0,
    c: 1274110073,
    d: 655360,
    k: 27,
    l: 5,
    n: "cmr10",
    opcode: 243,
    s: 655360,
  },
  {
    k: 27,
    opcode: 171,
  },
  {
    c: 84,
    opcode: 0,
  },
  {
    c: 104,
    opcode: 0,
  },
  {
    c: 105,
    opcode: 0,
  },
  {
    c: 115,
    opcode: 0,
  },
  {
    b: 257343,
    opcode: 147,
  },
  {
    c: 101,
    opcode: 0,
  },
  {
    c: 120,
    opcode: 0,
  },
  {
    c: 97,
    opcode: 0,
  },
  {
    c: 109,
    opcode: 0,
  },
  {
    c: 112,
    opcode: 0,
  },
  {
    c: 108,
    opcode: 0,
  },
  {
    c: 101,
    opcode: 0,
  },
  {
    b: 257344,
    opcode: 143,
  },
  {
    c: 115,
    opcode: 0,
  },
  {
    c: 104,
    opcode: 0,
  },
  {
    c: 111,
    opcode: 0,
  },
  {
    b: -18205,
    opcode: 152,
  },
  {
    c: 119,
    opcode: 0,
  },
  {
    c: 115,
    opcode: 0,
  },
  {
    b: 0,
    opcode: 147,
  },
  {
    c: 100,
    opcode: 0,
  },
  {
    c: 105,
    opcode: 0,
  },
  {
    c: 11,
    opcode: 0,
  },
  {
    c: 101,
    opcode: 0,
  },
  {
    c: 114,
    opcode: 0,
  },
  {
    c: 101,
    opcode: 0,
  },
  {
    c: 110,
    opcode: 0,
  },
  {
    b: 0,
    opcode: 152,
  },
  {
    c: 116,
    opcode: 0,
  },
  {
    b: 0,
    opcode: 147,
  },
  {
    c: 101,
    opcode: 0,
  },
  {
    c: 120,
    opcode: 0,
  },
  {
    c: 97,
    opcode: 0,
  },
  {
    c: 109,
    opcode: 0,
  },
  {
    c: 112,
    opcode: 0,
  },
  {
    c: 108,
    opcode: 0,
  },
  {
    c: 101,
    opcode: 0,
  },
  {
    c: 115,
    opcode: 0,
  },
  {
    b: 0,
    opcode: 147,
  },
  {
    c: 111,
    opcode: 0,
  },
  {
    c: 110,
    opcode: 0,
  },
  {
    b: 257344,
    opcode: 143,
  },
  {
    c: 104,
    opcode: 0,
  },
  {
    c: 111,
    opcode: 0,
  },
  {
    b: 0,
    opcode: 152,
  },
  {
    c: 119,
    opcode: 0,
  },
  {
    b: 0,
    opcode: 147,
  },
  {
    c: 116,
    opcode: 0,
  },
  {
    c: 111,
    opcode: 0,
  },
  {
    b: 0,
    opcode: 147,
  },
  {
    c: 117,
    opcode: 0,
  },
  {
    c: 115,
    opcode: 0,
  },
  {
    c: 101,
    opcode: 0,
  },
  {
    b: 0,
    opcode: 147,
  },
  {
    c: 116,
    opcode: 0,
  },
  {
    c: 104,
    opcode: 0,
  },
  {
    c: 101,
    opcode: 0,
  },
  {
    b: 257344,
    opcode: 143,
  },
  {
    a: 0,
    c: 3756670072,
    d: 655360,
    k: 36,
    l: 6,
    n: "cmtt10",
    opcode: 243,
    s: 655360,
  },
  {
    k: 36,
    opcode: 171,
  },
  {
    c: 120,
    opcode: 0,
  },
  {
    c: 99,
    opcode: 0,
  },
  {
    c: 111,
    opcode: 0,
  },
  {
    c: 108,
    opcode: 0,
  },
  {
    c: 111,
    opcode: 0,
  },
  {
    c: 114,
    opcode: 0,
  },
  {
    b: 0,
    opcode: 147,
  },
  {
    k: 27,
    opcode: 171,
  },
  {
    c: 112,
    opcode: 0,
  },
  {
    c: 97,
    opcode: 0,
  },
  {
    c: 99,
    opcode: 0,
  },
  {
    b: 0,
    opcode: 152,
  },
  {
    c: 107,
    opcode: 0,
  },
  {
    b: -36409,
    opcode: 143,
  },
  {
    c: 97,
    opcode: 0,
  },
  {
    c: 103,
    opcode: 0,
  },
  {
    c: 101,
    opcode: 0,
  },
  {
    opcode: 142,
  },
  {
    a: 786432,
    opcode: 166,
  },
  {
    opcode: 141,
  },
  {
    c: 116,
    opcode: 0,
  },
  {
    c: 111,
    opcode: 0,
  },
  {
    b: 218453,
    opcode: 147,
  },
  {
    c: 99,
    opcode: 0,
  },
  {
    b: -18205,
    opcode: 152,
  },
  {
    c: 104,
    opcode: 0,
  },
  {
    c: 97,
    opcode: 0,
  },
  {
    c: 110,
    opcode: 0,
  },
  {
    c: 103,
    opcode: 0,
  },
  {
    c: 101,
    opcode: 0,
  },
  {
    b: 0,
    opcode: 147,
  },
  {
    c: 116,
    opcode: 0,
  },
  {
    c: 104,
    opcode: 0,
  },
  {
    c: 101,
    opcode: 0,
  },
  {
    b: 0,
    opcode: 147,
  },
  {
    c: 99,
    opcode: 0,
  },
  {
    c: 111,
    opcode: 0,
  },
  {
    c: 108,
    opcode: 0,
  },
  {
    c: 111,
    opcode: 0,
  },
  {
    c: 117,
    opcode: 0,
  },
  {
    c: 114,
    opcode: 0,
  },
  {
    b: 0,
    opcode: 147,
  },
  {
    c: 111,
    opcode: 0,
  },
  {
    c: 102,
    opcode: 0,
  },
  {
    b: 0,
    opcode: 147,
  },
  {
    c: 101,
    opcode: 0,
  },
  {
    c: 108,
    opcode: 0,
  },
  {
    c: 101,
    opcode: 0,
  },
  {
    c: 109,
    opcode: 0,
  },
  {
    c: 101,
    opcode: 0,
  },
  {
    c: 110,
    opcode: 0,
  },
  {
    b: 0,
    opcode: 152,
  },
  {
    c: 116,
    opcode: 0,
  },
  {
    c: 115,
    opcode: 0,
  },
  {
    b: 0,
    opcode: 147,
  },
  {
    c: 105,
    opcode: 0,
  },
  {
    c: 110,
    opcode: 0,
  },
  {
    b: 0,
    opcode: 147,
  },
  {
    c: 76,
    opcode: 0,
  },
  {
    opcode: 141,
  },
  {
    a: -134347,
    opcode: 157,
  },
  {
    opcode: 141,
  },
  {
    b: -235930,
    opcode: 143,
  },
  {
    a: 0,
    c: 3650330706,
    d: 458752,
    k: 26,
    l: 4,
    n: "cmr7",
    opcode: 243,
    s: 458752,
  },
  {
    k: 26,
    opcode: 171,
  },
  {
    c: 65,
    opcode: 0,
  },
  {
    opcode: 142,
  },
  {
    opcode: 142,
  },
  {
    b: 52617,
    opcode: 143,
  },
  {
    k: 27,
    opcode: 171,
  },
  {
    c: 84,
    opcode: 0,
  },
  {
    opcode: 141,
  },
  {
    b: -109250,
    opcode: 143,
  },
  {
    a: 141084,
    opcode: 157,
  },
  {
    c: 69,
    opcode: 0,
  },
  {
    opcode: 142,
  },
  {
    b: 254840,
    opcode: 143,
  },
  {
    c: 88,
    opcode: 0,
  },
  {
    c: 46,
    opcode: 0,
  },
  {
    opcode: 142,
  },
  {
    a: 141084,
    opcode: 157,
  },
  {
    k: 20,
    opcode: 239,
    x: Uint8Array(20) [
      99,
      111,
      108,
      111,
      114,
      32,
      112,
      117,
      115,
      104,
      32,
      114,
      103,
      98,
      32,
      48,
      32,
      48,
      32,
      49,
    ],
  },
  {
    a: 1300708,
    opcode: 157,
  },
  {
    opcode: 141,
  },
  {
    opcode: 141,
  },
  {
    opcode: 141,
  },
  {
    k: 20,
    opcode: 239,
    x: Uint8Array(20) [
      99,
      111,
      108,
      111,
      114,
      32,
      112,
      117,
      115,
      104,
      32,
      114,
      103,
      98,
      32,
      48,
      32,
      48,
      32,
      49,
    ],
  },
  {
    opcode: 141,
  },
  {
    b: 983122,
    opcode: 143,
  },
  {
    a: 0,
    c: 3157912729,
    d: 655360,
    k: 37,
    l: 8,
    n: "tcrm1000",
    opcode: 243,
    s: 655360,
  },
  {
    k: 37,
    opcode: 171,
  },
  {
    c: 136,
    opcode: 0,
  },
  {
    opcode: 142,
  },
  {
    b: 1310722,
    opcode: 143,
  },
  {
    k: 9,
    opcode: 239,
    x: Uint8Array(9) [
      99,
      111,
      108,
      111,
      114,
      32,
      112,
      111,
      112,
    ],
  },
  {
    opcode: 142,
  },
  {
    opcode: 142,
  },
  {
    b: 1638402,
    opcode: 143,
  },
  {
    k: 27,
    opcode: 171,
  },
  {
    c: 70,
    opcode: 0,
  },
  {
    c: 105,
    opcode: 0,
  },
  {
    c: 114,
    opcode: 0,
  },
  {
    c: 115,
    opcode: 0,
  },
  {
    c: 116,
    opcode: 0,
  },
  {
    b: 218453,
    opcode: 143,
  },
  {
    c: 105,
    opcode: 0,
  },
  {
    c: 116,
    opcode: 0,
  },
  {
    c: 101,
    opcode: 0,
  },
  {
    c: 109,
    opcode: 0,
  },
  {
    opcode: 142,
  },
  {
    a: 1310720,
    opcode: 157,
  },
  {
    opcode: 141,
  },
  {
    opcode: 141,
  },
  {
    opcode: 141,
  },
  {
    k: 20,
    opcode: 239,
    x: Uint8Array(20) [
      99,
      111,
      108,
      111,
      114,
      32,
      112,
      117,
      115,
      104,
      32,
      114,
      103,
      98,
      32,
      48,
      32,
      48,
      32,
      49,
    ],
  },
  {
    opcode: 141,
  },
  {
    b: 983122,
    opcode: 143,
  },
  {
    k: 37,
    opcode: 171,
  },
  {
    c: 136,
    opcode: 0,
  },
  {
    opcode: 142,
  },
  {
    b: 1310722,
    opcode: 143,
  },
  {
    k: 9,
    opcode: 239,
    x: Uint8Array(9) [
      99,
      111,
      108,
      111,
      114,
      32,
      112,
      111,
      112,
    ],
  },
  {
    opcode: 142,
  },
  {
    opcode: 142,
  },
  {
    b: 1638402,
    opcode: 143,
  },
  {
    k: 27,
    opcode: 171,
  },
  {
    c: 83,
    opcode: 0,
  },
  {
    c: 101,
    opcode: 0,
  },
  {
    c: 99,
    opcode: 0,
  },
  {
    c: 111,
    opcode: 0,
  },
  {
    c: 110,
    opcode: 0,
  },
  {
    c: 100,
    opcode: 0,
  },
  {
    b: 218453,
    opcode: 143,
  },
  {
    c: 105,
    opcode: 0,
  },
  {
    c: 116,
    opcode: 0,
  },
  {
    c: 101,
    opcode: 0,
  },
  {
    c: 109,
    opcode: 0,
  },
  {
    opcode: 142,
  },
  {
    a: 0,
    opcode: 161,
  },
  {
    k: 9,
    opcode: 239,
    x: Uint8Array(9) [
      99,
      111,
      108,
      111,
      114,
      32,
      112,
      111,
      112,
    ],
  },
  {
    a: 0,
    opcode: 166,
  },
  {
    opcode: 141,
  },
  {
    k: 20,
    opcode: 239,
    x: Uint8Array(20) [
      99,
      111,
      108,
      111,
      114,
      32,
      112,
      117,
      115,
      104,
      32,
      114,
      103,
      98,
      32,
      49,
      32,
      48,
      32,
      48,
    ],
  },
  {
    opcode: 141,
  },
  {
    a: 93233,
    b: 22609920,
    opcode: 132,
  },
  {
    opcode: 142,
  },
  {
    opcode: 142,
  },
  {
    a: 0,
    opcode: 166,
  },
  {
    opcode: 141,
  },
  {
    k: 9,
    opcode: 239,
    x: Uint8Array(9) [
      99,
      111,
      108,
      111,
      114,
      32,
      112,
      111,
      112,
    ],
  },
  {
    opcode: 142,
  },
  {
    opcode: 142,
  },
  {
    a: 1966080,
    opcode: 157,
  },
  {
    opcode: 141,
  },
  {
    b: 4063232,
    opcode: 143,
  },
  {
    k: 17,
    opcode: 239,
    x: Uint8Array(17) [
      99,
      111,
      108,
      111,
      114,
      32,
      112,
      117,
      115,
      104,
      32,
      103,
      114,
      97,
      121,
      32,
      48,
    ],
  },
  {
    opcode: 141,
  },
  {
    b: 11141120,
    opcode: 143,
  },
  {
    c: 49,
    opcode: 0,
  },
  {
    opcode: 142,
  },
  {
    b: 22609920,
    opcode: 143,
  },
  {
    k: 9,
    opcode: 239,
    x: Uint8Array(9) [
      99,
      111,
      108,
      111,
      114,
      32,
      112,
      111,
      112,
    ],
  },
  {
    opcode: 142,
  },
  {
    opcode: 142,
  },
  {
    opcode: 140,
  },
  {
    den: 473628672,
    l: 41484288,
    mag: 1000,
    num: 25400000,
    opcode: 248,
    p: 42,
    s: 6,
    t: 1,
    u: 26673152,
  },
  {
    a: 0,
    c: 3157912729,
    d: 655360,
    k: 37,
    l: 8,
    n: "tcrm1000",
    opcode: 243,
    s: 655360,
  },
  {
    a: 0,
    c: 3756670072,
    d: 655360,
    k: 36,
    l: 6,
    n: "cmtt10",
    opcode: 243,
    s: 655360,
  },
  {
    a: 0,
    c: 1274110073,
    d: 655360,
    k: 27,
    l: 5,
    n: "cmr10",
    opcode: 243,
    s: 655360,
  },
  {
    a: 0,
    c: 3650330706,
    d: 458752,
    k: 26,
    l: 4,
    n: "cmr7",
    opcode: 243,
    s: 458752,
  },
]
`;

snapshot[`tokenize() 2`] = `
[
  {
    den: 473628672,
    i: 2,
    k: 27,
    mag: 1000,
    num: 25400000,
    opcode: 247,
    x: " TeX output 2017.07.23:1405",
  },
  {
    c_0: 1,
    c_1: 0,
    c_2: 0,
    c_3: 0,
    c_4: 0,
    c_5: 0,
    c_6: 0,
    c_7: 0,
    c_8: 0,
    c_9: 0,
    opcode: 139,
    p: -1,
  },
  {
    a: 41451520,
    opcode: 157,
  },
  {
    opcode: 141,
  },
  {
    a: -39550976,
    opcode: 157,
  },
  {
    a: 37584896,
    opcode: 157,
  },
  {
    opcode: 141,
  },
  {
    a: -31981584,
    opcode: 157,
  },
  {
    opcode: 141,
  },
  {
    b: 3485199,
    opcode: 143,
  },
  {
    a: 0,
    c: 1154739572,
    d: 1132462,
    k: 15,
    l: 5,
    n: "cmr17",
    opcode: 243,
    s: 1359217,
  },
  {
    k: 15,
    opcode: 171,
  },
  {
    c: 65,
    opcode: 0,
  },
  {
    opcode: 141,
  },
  {
    b: 410330,
    opcode: 143,
  },
  {
    c: 76,
    opcode: 0,
  },
  {
    opcode: 141,
  },
  {
    a: -283732,
    opcode: 157,
  },
  {
    opcode: 141,
  },
  {
    b: -448821,
    opcode: 143,
  },
  {
    a: 0,
    c: 1487622411,
    d: 786432,
    k: 16,
    l: 5,
    n: "cmr12",
    opcode: 243,
    s: 943718,
  },
  {
    k: 16,
    opcode: 171,
  },
  {
    c: 65,
    opcode: 0,
  },
  {
    opcode: 142,
  },
  {
    opcode: 142,
  },
  {
    b: 56888,
    opcode: 143,
  },
  {
    k: 15,
    opcode: 171,
  },
  {
    c: 84,
    opcode: 0,
  },
  {
    opcode: 141,
  },
  {
    b: -207831,
    opcode: 143,
  },
  {
    a: 292565,
    opcode: 157,
  },
  {
    c: 69,
    opcode: 0,
  },
  {
    opcode: 142,
  },
  {
    b: 490202,
    opcode: 143,
  },
  {
    c: 88,
    opcode: 0,
  },
  {
    b: 187000,
    opcode: 143,
  },
  {
    c: 50,
    opcode: 0,
  },
  {
    opcode: 141,
  },
  {
    a: 203882,
    opcode: 157,
  },
  {
    a: 0,
    c: 3085002659,
    d: 786432,
    k: 17,
    l: 6,
    n: "cmmi12",
    opcode: 243,
    s: 1359217,
  },
  {
    k: 17,
    opcode: 171,
  },
  {
    c: 34,
    opcode: 0,
  },
  {
    opcode: 142,
  },
  {
    opcode: 142,
  },
  {
    b: 5466319,
    opcode: 143,
  },
  {
    k: 15,
    opcode: 171,
  },
  {
    c: 84,
    opcode: 0,
  },
  {
    b: -106516,
    opcode: 143,
  },
  {
    c: 101,
    opcode: 0,
  },
  {
    c: 109,
    opcode: 0,
  },
  {
    c: 112,
    opcode: 0,
  },
  {
    c: 108,
    opcode: 0,
  },
  {
    c: 97,
    opcode: 0,
  },
  {
    c: 116,
    opcode: 0,
  },
  {
    c: 101,
    opcode: 0,
  },
  {
    b: 410330,
    opcode: 147,
  },
  {
    c: 116,
    opcode: 0,
  },
  {
    c: 111,
    opcode: 0,
  },
  {
    b: 0,
    opcode: 147,
  },
  {
    c: 116,
    opcode: 0,
  },
  {
    c: 101,
    opcode: 0,
  },
  {
    c: 115,
    opcode: 0,
  },
  {
    c: 116,
    opcode: 0,
  },
  {
    b: 0,
    opcode: 147,
  },
  {
    c: 116,
    opcode: 0,
  },
  {
    c: 104,
    opcode: 0,
  },
  {
    c: 101,
    opcode: 0,
  },
  {
    b: 0,
    opcode: 147,
  },
  {
    c: 100,
    opcode: 0,
  },
  {
    c: 118,
    opcode: 0,
  },
  {
    c: 105,
    opcode: 0,
  },
  {
    b: 0,
    opcode: 147,
  },
  {
    c: 108,
    opcode: 0,
  },
  {
    c: 105,
    opcode: 0,
  },
  {
    c: 98,
    opcode: 0,
  },
  {
    c: 114,
    opcode: 0,
  },
  {
    c: 97,
    opcode: 0,
  },
  {
    c: 114,
    opcode: 0,
  },
  {
    c: 121,
    opcode: 0,
  },
  {
    opcode: 142,
  },
  {
    a: 2334708,
    opcode: 157,
  },
  {
    opcode: 141,
  },
  {
    opcode: 141,
  },
  {
    opcode: 141,
  },
  {
    opcode: 141,
  },
  {
    opcode: 141,
  },
  {
    b: 12486446,
    opcode: 143,
  },
  {
    k: 16,
    opcode: 171,
  },
  {
    c: 82,
    opcode: 0,
  },
  {
    c: 105,
    opcode: 0,
  },
  {
    c: 99,
    opcode: 0,
  },
  {
    b: -25668,
    opcode: 143,
  },
  {
    c: 104,
    opcode: 0,
  },
  {
    c: 97,
    opcode: 0,
  },
  {
    c: 114,
    opcode: 0,
  },
  {
    c: 100,
    opcode: 0,
  },
  {
    b: 308015,
    opcode: 143,
  },
  {
    c: 68,
    opcode: 0,
  },
  {
    c: 111,
    opcode: 0,
  },
  {
    b: 25667,
    opcode: 143,
  },
  {
    c: 100,
    opcode: 0,
  },
  {
    c: 100,
    opcode: 0,
  },
  {
    opcode: 142,
  },
  {
    opcode: 142,
  },
  {
    a: 1179648,
    opcode: 161,
  },
  {
    opcode: 141,
  },
  {
    opcode: 141,
  },
  {
    b: 11190215,
    opcode: 143,
  },
  {
    c: 65,
    opcode: 0,
  },
  {
    b: 308015,
    opcode: 147,
  },
  {
    c: 99,
    opcode: 0,
  },
  {
    c: 105,
    opcode: 0,
  },
  {
    c: 116,
    opcode: 0,
  },
  {
    c: 105,
    opcode: 0,
  },
  {
    c: 122,
    opcode: 0,
  },
  {
    c: 101,
    opcode: 0,
  },
  {
    c: 110,
    opcode: 0,
  },
  {
    b: 0,
    opcode: 147,
  },
  {
    c: 111,
    opcode: 0,
  },
  {
    c: 102,
    opcode: 0,
  },
  {
    b: 0,
    opcode: 147,
  },
  {
    c: 110,
    opcode: 0,
  },
  {
    c: 111,
    opcode: 0,
  },
  {
    b: -25668,
    opcode: 143,
  },
  {
    c: 119,
    opcode: 0,
  },
  {
    c: 104,
    opcode: 0,
  },
  {
    c: 101,
    opcode: 0,
  },
  {
    c: 114,
    opcode: 0,
  },
  {
    c: 101,
    opcode: 0,
  },
  {
    opcode: 142,
  },
  {
    opcode: 142,
  },
  {
    a: 0,
    opcode: 161,
  },
  {
    opcode: 141,
  },
  {
    opcode: 141,
  },
  {
    opcode: 141,
  },
  {
    opcode: 141,
  },
  {
    b: 13153812,
    opcode: 143,
  },
  {
    c: 84,
    opcode: 0,
  },
  {
    c: 104,
    opcode: 0,
  },
  {
    c: 101,
    opcode: 0,
  },
  {
    b: 308015,
    opcode: 143,
  },
  {
    c: 87,
    opcode: 0,
  },
  {
    b: -77004,
    opcode: 143,
  },
  {
    c: 111,
    opcode: 0,
  },
  {
    c: 114,
    opcode: 0,
  },
  {
    c: 108,
    opcode: 0,
  },
  {
    c: 100,
    opcode: 0,
  },
  {
    opcode: 142,
  },
  {
    b: 13153812,
    opcode: 143,
  },
  {
    a: 104852,
    opcode: 157,
  },
  {
    a: 26213,
    b: 4363224,
    opcode: 137,
  },
  {
    opcode: 142,
  },
  {
    opcode: 142,
  },
  {
    opcode: 142,
  },
  {
    opcode: 142,
  },
  {
    opcode: 142,
  },
  {
    opcode: 142,
  },
  {
    a: 4204129,
    opcode: 157,
  },
  {
    opcode: 141,
  },
  {
    b: 12646789,
    opcode: 143,
  },
  {
    c: 74,
    opcode: 0,
  },
  {
    c: 117,
    opcode: 0,
  },
  {
    c: 108,
    opcode: 0,
  },
  {
    c: 121,
    opcode: 0,
  },
  {
    b: 308015,
    opcode: 147,
  },
  {
    c: 50,
    opcode: 0,
  },
  {
    c: 51,
    opcode: 0,
  },
  {
    c: 44,
    opcode: 0,
  },
  {
    b: 0,
    opcode: 147,
  },
  {
    c: 50,
    opcode: 0,
  },
  {
    c: 48,
    opcode: 0,
  },
  {
    c: 49,
    opcode: 0,
  },
  {
    c: 55,
    opcode: 0,
  },
  {
    opcode: 142,
  },
  {
    a: 2478186,
    opcode: 157,
  },
  {
    opcode: 141,
  },
  {
    b: 13756622,
    opcode: 143,
  },
  {
    a: 0,
    c: 452076118,
    d: 655360,
    k: 24,
    l: 6,
    n: "cmbx10",
    opcode: 243,
    s: 717619,
  },
  {
    k: 24,
    opcode: 171,
  },
  {
    c: 65,
    opcode: 0,
  },
  {
    c: 98,
    opcode: 0,
  },
  {
    c: 115,
    opcode: 0,
  },
  {
    c: 116,
    opcode: 0,
  },
  {
    c: 114,
    opcode: 0,
  },
  {
    c: 97,
    opcode: 0,
  },
  {
    c: 99,
    opcode: 0,
  },
  {
    c: 116,
    opcode: 0,
  },
  {
    opcode: 142,
  },
  {
    a: 910499,
    opcode: 157,
  },
  {
    opcode: 141,
  },
  {
    b: 5557435,
    opcode: 143,
  },
  {
    a: 0,
    c: 1274110073,
    d: 655360,
    k: 23,
    l: 5,
    n: "cmr10",
    opcode: 243,
    s: 717619,
  },
  {
    k: 23,
    opcode: 171,
  },
  {
    c: 84,
    opcode: 0,
  },
  {
    c: 104,
    opcode: 0,
  },
  {
    c: 105,
    opcode: 0,
  },
  {
    c: 115,
    opcode: 0,
  },
  {
    b: 239206,
    opcode: 147,
  },
  {
    c: 105,
    opcode: 0,
  },
  {
    c: 115,
    opcode: 0,
  },
  {
    b: 0,
    opcode: 147,
  },
  {
    c: 116,
    opcode: 0,
  },
  {
    c: 104,
    opcode: 0,
  },
  {
    c: 101,
    opcode: 0,
  },
  {
    b: 0,
    opcode: 147,
  },
  {
    c: 112,
    opcode: 0,
  },
  {
    c: 97,
    opcode: 0,
  },
  {
    c: 112,
    opcode: 0,
  },
  {
    b: 19934,
    opcode: 143,
  },
  {
    c: 101,
    opcode: 0,
  },
  {
    c: 114,
    opcode: 0,
  },
  {
    c: 39,
    opcode: 0,
  },
  {
    c: 115,
    opcode: 0,
  },
  {
    b: 0,
    opcode: 147,
  },
  {
    c: 97,
    opcode: 0,
  },
  {
    c: 98,
    opcode: 0,
  },
  {
    c: 115,
    opcode: 0,
  },
  {
    c: 116,
    opcode: 0,
  },
  {
    c: 114,
    opcode: 0,
  },
  {
    c: 97,
    opcode: 0,
  },
  {
    c: 99,
    opcode: 0,
  },
  {
    c: 116,
    opcode: 0,
  },
  {
    b: 0,
    opcode: 147,
  },
  {
    c: 46,
    opcode: 0,
  },
  {
    b: 119603,
    opcode: 147,
  },
  {
    c: 46,
    opcode: 0,
  },
  {
    b: 0,
    opcode: 147,
  },
  {
    c: 46,
    opcode: 0,
  },
  {
    opcode: 142,
  },
  {
    a: 2572636,
    opcode: 157,
  },
  {
    opcode: 141,
  },
  {
    opcode: 141,
  },
  {
    b: 2555904,
    opcode: 143,
  },
  {
    a: 0,
    c: 3268824736,
    d: 786432,
    k: 26,
    l: 6,
    n: "cmbx12",
    opcode: 243,
    s: 1132462,
  },
  {
    k: 26,
    opcode: 171,
  },
  {
    c: 49,
    opcode: 0,
  },
  {
    opcode: 142,
  },
  {
    b: 4466932,
    opcode: 143,
  },
  {
    c: 73,
    opcode: 0,
  },
  {
    c: 110,
    opcode: 0,
  },
  {
    b: -35390,
    opcode: 143,
  },
  {
    c: 116,
    opcode: 0,
  },
  {
    c: 114,
    opcode: 0,
  },
  {
    c: 111,
    opcode: 0,
  },
  {
    b: 35389,
    opcode: 143,
  },
  {
    c: 100,
    opcode: 0,
  },
  {
    c: 117,
    opcode: 0,
  },
  {
    c: 99,
    opcode: 0,
  },
  {
    c: 116,
    opcode: 0,
  },
  {
    c: 105,
    opcode: 0,
  },
  {
    c: 111,
    opcode: 0,
  },
  {
    c: 110,
    opcode: 0,
  },
  {
    opcode: 142,
  },
  {
    a: 1729059,
    opcode: 166,
  },
  {
    opcode: 141,
  },
  {
    b: 2555904,
    opcode: 143,
  },
  {
    a: 0,
    c: 1487622411,
    d: 786432,
    k: 14,
    l: 5,
    n: "cmr12",
    opcode: 243,
    s: 786432,
  },
  {
    k: 14,
    opcode: 171,
  },
  {
    c: 84,
    opcode: 0,
  },
  {
    c: 104,
    opcode: 0,
  },
  {
    c: 105,
    opcode: 0,
  },
  {
    c: 115,
    opcode: 0,
  },
  {
    b: 256680,
    opcode: 147,
  },
  {
    c: 100,
    opcode: 0,
  },
  {
    c: 111,
    opcode: 0,
  },
  {
    b: 21390,
    opcode: 152,
  },
  {
    c: 99,
    opcode: 0,
  },
  {
    c: 117,
    opcode: 0,
  },
  {
    c: 109,
    opcode: 0,
  },
  {
    c: 101,
    opcode: 0,
  },
  {
    c: 110,
    opcode: 0,
  },
  {
    b: -21390,
    opcode: 143,
  },
  {
    c: 116,
    opcode: 0,
  },
  {
    b: 0,
    opcode: 147,
  },
  {
    c: 101,
    opcode: 0,
  },
  {
    c: 120,
    opcode: 0,
  },
  {
    c: 105,
    opcode: 0,
  },
  {
    c: 115,
    opcode: 0,
  },
  {
    c: 116,
    opcode: 0,
  },
  {
    c: 115,
    opcode: 0,
  },
  {
    b: 0,
    opcode: 147,
  },
  {
    c: 115,
    opcode: 0,
  },
  {
    c: 111,
    opcode: 0,
  },
  {
    c: 108,
    opcode: 0,
  },
  {
    c: 101,
    opcode: 0,
  },
  {
    c: 108,
    opcode: 0,
  },
  {
    c: 121,
    opcode: 0,
  },
  {
    b: 0,
    opcode: 147,
  },
  {
    c: 102,
    opcode: 0,
  },
  {
    c: 111,
    opcode: 0,
  },
  {
    c: 114,
    opcode: 0,
  },
  {
    b: 0,
    opcode: 147,
  },
  {
    c: 116,
    opcode: 0,
  },
  {
    c: 104,
    opcode: 0,
  },
  {
    c: 101,
    opcode: 0,
  },
  {
    b: 0,
    opcode: 147,
  },
  {
    c: 112,
    opcode: 0,
  },
  {
    c: 117,
    opcode: 0,
  },
  {
    c: 114,
    opcode: 0,
  },
  {
    c: 112,
    opcode: 0,
  },
  {
    b: 0,
    opcode: 152,
  },
  {
    c: 111,
    opcode: 0,
  },
  {
    c: 115,
    opcode: 0,
  },
  {
    c: 101,
    opcode: 0,
  },
  {
    b: 0,
    opcode: 147,
  },
  {
    c: 111,
    opcode: 0,
  },
  {
    c: 102,
    opcode: 0,
  },
  {
    b: 0,
    opcode: 147,
  },
  {
    c: 116,
    opcode: 0,
  },
  {
    c: 101,
    opcode: 0,
  },
  {
    c: 115,
    opcode: 0,
  },
  {
    c: 116,
    opcode: 0,
  },
  {
    c: 105,
    opcode: 0,
  },
  {
    c: 110,
    opcode: 0,
  },
  {
    c: 103,
    opcode: 0,
  },
  {
    b: 0,
    opcode: 147,
  },
  {
    c: 116,
    opcode: 0,
  },
  {
    c: 104,
    opcode: 0,
  },
  {
    c: 101,
    opcode: 0,
  },
  {
    b: 0,
    opcode: 147,
  },
  {
    c: 100,
    opcode: 0,
  },
  {
    c: 118,
    opcode: 0,
  },
  {
    c: 105,
    opcode: 0,
  },
  {
    b: 0,
    opcode: 147,
  },
  {
    c: 108,
    opcode: 0,
  },
  {
    c: 105,
    opcode: 0,
  },
  {
    c: 98,
    opcode: 0,
  },
  {
    c: 114,
    opcode: 0,
  },
  {
    c: 97,
    opcode: 0,
  },
  {
    c: 114,
    opcode: 0,
  },
  {
    c: 121,
    opcode: 0,
  },
  {
    opcode: 142,
  },
  {
    a: 1996465,
    opcode: 157,
  },
  {
    opcode: 141,
  },
  {
    b: 2555904,
    opcode: 143,
  },
  {
    a: 0,
    c: 3268824736,
    d: 786432,
    k: 27,
    l: 6,
    n: "cmbx12",
    opcode: 243,
    s: 786432,
  },
  {
    k: 27,
    opcode: 171,
  },
  {
    c: 79,
    opcode: 0,
  },
  {
    c: 117,
    opcode: 0,
  },
  {
    c: 116,
    opcode: 0,
  },
  {
    c: 108,
    opcode: 0,
  },
  {
    c: 105,
    opcode: 0,
  },
  {
    c: 110,
    opcode: 0,
  },
  {
    c: 101,
    opcode: 0,
  },
  {
    b: 770040,
    opcode: 143,
  },
  {
    k: 14,
    opcode: 171,
  },
  {
    c: 84,
    opcode: 0,
  },
  {
    c: 104,
    opcode: 0,
  },
  {
    c: 101,
    opcode: 0,
  },
  {
    b: 328243,
    opcode: 147,
  },
  {
    c: 114,
    opcode: 0,
  },
  {
    c: 101,
    opcode: 0,
  },
  {
    c: 109,
    opcode: 0,
  },
  {
    c: 97,
    opcode: 0,
  },
  {
    c: 105,
    opcode: 0,
  },
  {
    c: 110,
    opcode: 0,
  },
  {
    c: 100,
    opcode: 0,
  },
  {
    c: 101,
    opcode: 0,
  },
  {
    c: 114,
    opcode: 0,
  },
  {
    b: 328242,
    opcode: 152,
  },
  {
    c: 111,
    opcode: 0,
  },
  {
    c: 102,
    opcode: 0,
  },
  {
    b: 0,
    opcode: 147,
  },
  {
    c: 116,
    opcode: 0,
  },
  {
    c: 104,
    opcode: 0,
  },
  {
    c: 105,
    opcode: 0,
  },
  {
    c: 115,
    opcode: 0,
  },
  {
    b: 0,
    opcode: 152,
  },
  {
    c: 97,
    opcode: 0,
  },
  {
    c: 114,
    opcode: 0,
  },
  {
    c: 116,
    opcode: 0,
  },
  {
    c: 105,
    opcode: 0,
  },
  {
    c: 99,
    opcode: 0,
  },
  {
    c: 108,
    opcode: 0,
  },
  {
    c: 101,
    opcode: 0,
  },
  {
    b: 0,
    opcode: 147,
  },
  {
    c: 105,
    opcode: 0,
  },
  {
    c: 115,
    opcode: 0,
  },
  {
    b: 0,
    opcode: 152,
  },
  {
    c: 111,
    opcode: 0,
  },
  {
    c: 114,
    opcode: 0,
  },
  {
    c: 103,
    opcode: 0,
  },
  {
    c: 97,
    opcode: 0,
  },
  {
    c: 110,
    opcode: 0,
  },
  {
    c: 105,
    opcode: 0,
  },
  {
    c: 122,
    opcode: 0,
  },
  {
    c: 101,
    opcode: 0,
  },
  {
    c: 100,
    opcode: 0,
  },
  {
    b: 0,
    opcode: 147,
  },
  {
    c: 97,
    opcode: 0,
  },
  {
    c: 115,
    opcode: 0,
  },
  {
    b: 0,
    opcode: 152,
  },
  {
    c: 102,
    opcode: 0,
  },
  {
    c: 111,
    opcode: 0,
  },
  {
    c: 108,
    opcode: 0,
  },
  {
    c: 108,
    opcode: 0,
  },
  {
    c: 111,
    opcode: 0,
  },
  {
    b: -21390,
    opcode: 143,
  },
  {
    c: 119,
    opcode: 0,
  },
  {
    c: 115,
    opcode: 0,
  },
  {
    c: 46,
    opcode: 0,
  },
  {
    b: 556928,
    opcode: 143,
  },
  {
    c: 83,
    opcode: 0,
  },
  {
    c: 101,
    opcode: 0,
  },
  {
    c: 99,
    opcode: 0,
  },
  {
    c: 116,
    opcode: 0,
  },
  {
    c: 105,
    opcode: 0,
  },
  {
    c: 111,
    opcode: 0,
  },
  {
    c: 110,
    opcode: 0,
  },
  {
    b: 0,
    opcode: 152,
  },
  {
    c: 50,
    opcode: 0,
  },
  {
    opcode: 142,
  },
  {
    a: 950272,
    opcode: 161,
  },
  {
    opcode: 141,
  },
  {
    b: 2555904,
    opcode: 143,
  },
  {
    c: 103,
    opcode: 0,
  },
  {
    c: 105,
    opcode: 0,
  },
  {
    c: 118,
    opcode: 0,
  },
  {
    b: -21390,
    opcode: 147,
  },
  {
    c: 101,
    opcode: 0,
  },
  {
    c: 115,
    opcode: 0,
  },
  {
    b: 277915,
    opcode: 152,
  },
  {
    c: 97,
    opcode: 0,
  },
  {
    c: 99,
    opcode: 0,
  },
  {
    c: 99,
    opcode: 0,
  },
  {
    c: 111,
    opcode: 0,
  },
  {
    c: 117,
    opcode: 0,
  },
  {
    c: 110,
    opcode: 0,
  },
  {
    b: 0,
    opcode: 147,
  },
  {
    c: 116,
    opcode: 0,
  },
  {
    b: 277916,
    opcode: 147,
  },
  {
    c: 111,
    opcode: 0,
  },
  {
    c: 102,
    opcode: 0,
  },
  {
    b: 0,
    opcode: 152,
  },
  {
    c: 112,
    opcode: 0,
  },
  {
    c: 114,
    opcode: 0,
  },
  {
    c: 101,
    opcode: 0,
  },
  {
    c: 118,
    opcode: 0,
  },
  {
    c: 105,
    opcode: 0,
  },
  {
    c: 111,
    opcode: 0,
  },
  {
    c: 117,
    opcode: 0,
  },
  {
    c: 115,
    opcode: 0,
  },
  {
    b: 0,
    opcode: 147,
  },
  {
    c: 119,
    opcode: 0,
  },
  {
    b: -21390,
    opcode: 143,
  },
  {
    c: 111,
    opcode: 0,
  },
  {
    c: 114,
    opcode: 0,
  },
  {
    c: 107,
    opcode: 0,
  },
  {
    c: 46,
    opcode: 0,
  },
  {
    b: 405946,
    opcode: 143,
  },
  {
    c: 79,
    opcode: 0,
  },
  {
    c: 117,
    opcode: 0,
  },
  {
    c: 114,
    opcode: 0,
  },
  {
    b: 0,
    opcode: 152,
  },
  {
    c: 110,
    opcode: 0,
  },
  {
    c: 101,
    opcode: 0,
  },
  {
    c: 119,
    opcode: 0,
  },
  {
    b: 0,
    opcode: 152,
  },
  {
    c: 97,
    opcode: 0,
  },
  {
    c: 110,
    opcode: 0,
  },
  {
    c: 100,
    opcode: 0,
  },
  {
    b: 0,
    opcode: 147,
  },
  {
    c: 101,
    opcode: 0,
  },
  {
    c: 120,
    opcode: 0,
  },
  {
    c: 99,
    opcode: 0,
  },
  {
    c: 105,
    opcode: 0,
  },
  {
    c: 116,
    opcode: 0,
  },
  {
    c: 105,
    opcode: 0,
  },
  {
    c: 110,
    opcode: 0,
  },
  {
    c: 103,
    opcode: 0,
  },
  {
    b: 0,
    opcode: 152,
  },
  {
    c: 114,
    opcode: 0,
  },
  {
    c: 101,
    opcode: 0,
  },
  {
    c: 115,
    opcode: 0,
  },
  {
    c: 117,
    opcode: 0,
  },
  {
    c: 108,
    opcode: 0,
  },
  {
    c: 116,
    opcode: 0,
  },
  {
    c: 115,
    opcode: 0,
  },
  {
    b: 0,
    opcode: 147,
  },
  {
    c: 97,
    opcode: 0,
  },
  {
    c: 114,
    opcode: 0,
  },
  {
    c: 101,
    opcode: 0,
  },
  {
    b: 0,
    opcode: 152,
  },
  {
    c: 100,
    opcode: 0,
  },
  {
    c: 101,
    opcode: 0,
  },
  {
    c: 115,
    opcode: 0,
  },
  {
    c: 99,
    opcode: 0,
  },
  {
    c: 114,
    opcode: 0,
  },
  {
    c: 105,
    opcode: 0,
  },
  {
    c: 98,
    opcode: 0,
  },
  {
    b: 21390,
    opcode: 143,
  },
  {
    c: 101,
    opcode: 0,
  },
  {
    c: 100,
    opcode: 0,
  },
  {
    opcode: 142,
  },
  {
    a: 0,
    opcode: 161,
  },
  {
    opcode: 141,
  },
  {
    b: 2555904,
    opcode: 143,
  },
  {
    c: 105,
    opcode: 0,
  },
  {
    c: 110,
    opcode: 0,
  },
  {
    b: 256680,
    opcode: 147,
  },
  {
    c: 83,
    opcode: 0,
  },
  {
    c: 101,
    opcode: 0,
  },
  {
    c: 99,
    opcode: 0,
  },
  {
    c: 116,
    opcode: 0,
  },
  {
    c: 105,
    opcode: 0,
  },
  {
    c: 111,
    opcode: 0,
  },
  {
    c: 110,
    opcode: 0,
  },
  {
    b: 0,
    opcode: 147,
  },
  {
    c: 51,
    opcode: 0,
  },
  {
    c: 46,
    opcode: 0,
  },
  {
    b: 342240,
    opcode: 143,
  },
  {
    c: 70,
    opcode: 0,
  },
  {
    c: 105,
    opcode: 0,
  },
  {
    c: 110,
    opcode: 0,
  },
  {
    c: 97,
    opcode: 0,
  },
  {
    c: 108,
    opcode: 0,
  },
  {
    c: 108,
    opcode: 0,
  },
  {
    c: 121,
    opcode: 0,
  },
  {
    b: -64170,
    opcode: 143,
  },
  {
    c: 44,
    opcode: 0,
  },
  {
    b: 0,
    opcode: 147,
  },
  {
    c: 83,
    opcode: 0,
  },
  {
    c: 101,
    opcode: 0,
  },
  {
    c: 99,
    opcode: 0,
  },
  {
    c: 116,
    opcode: 0,
  },
  {
    c: 105,
    opcode: 0,
  },
  {
    c: 111,
    opcode: 0,
  },
  {
    c: 110,
    opcode: 0,
  },
  {
    b: 0,
    opcode: 147,
  },
  {
    c: 52,
    opcode: 0,
  },
  {
    b: 0,
    opcode: 147,
  },
  {
    c: 103,
    opcode: 0,
  },
  {
    c: 105,
    opcode: 0,
  },
  {
    c: 118,
    opcode: 0,
  },
  {
    b: -21390,
    opcode: 143,
  },
  {
    c: 101,
    opcode: 0,
  },
  {
    c: 115,
    opcode: 0,
  },
  {
    b: 0,
    opcode: 147,
  },
  {
    c: 116,
    opcode: 0,
  },
  {
    c: 104,
    opcode: 0,
  },
  {
    c: 101,
    opcode: 0,
  },
  {
    b: 0,
    opcode: 147,
  },
  {
    c: 99,
    opcode: 0,
  },
  {
    c: 111,
    opcode: 0,
  },
  {
    c: 110,
    opcode: 0,
  },
  {
    c: 99,
    opcode: 0,
  },
  {
    c: 108,
    opcode: 0,
  },
  {
    c: 117,
    opcode: 0,
  },
  {
    c: 115,
    opcode: 0,
  },
  {
    c: 105,
    opcode: 0,
  },
  {
    c: 111,
    opcode: 0,
  },
  {
    c: 110,
    opcode: 0,
  },
  {
    c: 115,
    opcode: 0,
  },
  {
    c: 46,
    opcode: 0,
  },
  {
    opcode: 142,
  },
  {
    a: 2572637,
    opcode: 157,
  },
  {
    opcode: 141,
  },
  {
    opcode: 141,
  },
  {
    b: 2555904,
    opcode: 143,
  },
  {
    k: 26,
    opcode: 171,
  },
  {
    c: 50,
    opcode: 0,
  },
  {
    opcode: 142,
  },
  {
    b: 4466932,
    opcode: 143,
  },
  {
    c: 80,
    opcode: 0,
  },
  {
    c: 114,
    opcode: 0,
  },
  {
    c: 101,
    opcode: 0,
  },
  {
    c: 118,
    opcode: 0,
  },
  {
    c: 105,
    opcode: 0,
  },
  {
    c: 111,
    opcode: 0,
  },
  {
    c: 117,
    opcode: 0,
  },
  {
    c: 115,
    opcode: 0,
  },
  {
    b: 424673,
    opcode: 143,
  },
  {
    c: 119,
    opcode: 0,
  },
  {
    b: -35390,
    opcode: 143,
  },
  {
    c: 111,
    opcode: 0,
  },
  {
    c: 114,
    opcode: 0,
  },
  {
    c: 107,
    opcode: 0,
  },
  {
    opcode: 142,
  },
  {
    a: 0,
    opcode: 166,
  },
  {
    opcode: 141,
  },
  {
    b: 2555904,
    opcode: 143,
  },
  {
    k: 14,
    opcode: 171,
  },
  {
    c: 65,
    opcode: 0,
  },
  {
    b: 256680,
    opcode: 147,
  },
  {
    c: 109,
    opcode: 0,
  },
  {
    c: 97,
    opcode: 0,
  },
  {
    c: 100,
    opcode: 0,
  },
  {
    c: 101,
    opcode: 0,
  },
  {
    b: 0,
    opcode: 147,
  },
  {
    c: 117,
    opcode: 0,
  },
  {
    c: 112,
    opcode: 0,
  },
  {
    b: 0,
    opcode: 147,
  },
  {
    c: 103,
    opcode: 0,
  },
  {
    c: 117,
    opcode: 0,
  },
  {
    c: 105,
    opcode: 0,
  },
  {
    c: 100,
    opcode: 0,
  },
  {
    c: 101,
    opcode: 0,
  },
  {
    b: 0,
    opcode: 147,
  },
  {
    c: 116,
    opcode: 0,
  },
  {
    c: 111,
    opcode: 0,
  },
  {
    b: 0,
    opcode: 147,
  },
  {
    c: 116,
    opcode: 0,
  },
  {
    c: 104,
    opcode: 0,
  },
  {
    c: 101,
    opcode: 0,
  },
  {
    b: 0,
    opcode: 147,
  },
  {
    c: 100,
    opcode: 0,
  },
  {
    c: 118,
    opcode: 0,
  },
  {
    c: 105,
    opcode: 0,
  },
  {
    b: 0,
    opcode: 147,
  },
  {
    c: 102,
    opcode: 0,
  },
  {
    c: 111,
    opcode: 0,
  },
  {
    c: 114,
    opcode: 0,
  },
  {
    c: 109,
    opcode: 0,
  },
  {
    c: 97,
    opcode: 0,
  },
  {
    c: 116,
    opcode: 0,
  },
  {
    b: 0,
    opcode: 147,
  },
  {
    c: 98,
    opcode: 0,
  },
  {
    b: -21390,
    opcode: 143,
  },
  {
    c: 121,
    opcode: 0,
  },
  {
    b: 0,
    opcode: 147,
  },
  {
    c: 65,
    opcode: 0,
  },
  {
    c: 110,
    opcode: 0,
  },
  {
    c: 111,
    opcode: 0,
  },
  {
    c: 110,
    opcode: 0,
  },
  {
    b: 0,
    opcode: 147,
  },
  {
    c: 91,
    opcode: 0,
  },
  {
    opcode: 141,
  },
  {
    c: 49,
    opcode: 0,
  },
  {
    opcode: 142,
  },
  {
    b: 385020,
    opcode: 143,
  },
  {
    c: 93,
    opcode: 0,
  },
  {
    c: 46,
    opcode: 0,
  },
  {
    opcode: 142,
  },
  {
    a: 0,
    opcode: 161,
  },
  {
    opcode: 141,
  },
  {
    b: 2555904,
    opcode: 143,
  },
  {
    c: 65,
    opcode: 0,
  },
  {
    b: 256680,
    opcode: 147,
  },
  {
    c: 114,
    opcode: 0,
  },
  {
    c: 101,
    opcode: 0,
  },
  {
    c: 97,
    opcode: 0,
  },
  {
    c: 108,
    opcode: 0,
  },
  {
    b: 0,
    opcode: 147,
  },
  {
    c: 103,
    opcode: 0,
  },
  {
    c: 117,
    opcode: 0,
  },
  {
    c: 105,
    opcode: 0,
  },
  {
    c: 100,
    opcode: 0,
  },
  {
    c: 101,
    opcode: 0,
  },
  {
    b: 0,
    opcode: 147,
  },
  {
    c: 116,
    opcode: 0,
  },
  {
    c: 111,
    opcode: 0,
  },
  {
    b: 0,
    opcode: 147,
  },
  {
    c: 116,
    opcode: 0,
  },
  {
    c: 104,
    opcode: 0,
  },
  {
    c: 101,
    opcode: 0,
  },
  {
    b: 0,
    opcode: 147,
  },
  {
    c: 100,
    opcode: 0,
  },
  {
    c: 118,
    opcode: 0,
  },
  {
    c: 105,
    opcode: 0,
  },
  {
    b: 0,
    opcode: 147,
  },
  {
    c: 102,
    opcode: 0,
  },
  {
    c: 111,
    opcode: 0,
  },
  {
    c: 114,
    opcode: 0,
  },
  {
    c: 109,
    opcode: 0,
  },
  {
    c: 97,
    opcode: 0,
  },
  {
    c: 116,
    opcode: 0,
  },
  {
    b: 0,
    opcode: 147,
  },
  {
    c: 91,
    opcode: 0,
  },
  {
    opcode: 141,
  },
  {
    c: 50,
    opcode: 0,
  },
  {
    opcode: 142,
  },
  {
    b: 385020,
    opcode: 143,
  },
  {
    c: 93,
    opcode: 0,
  },
  {
    c: 46,
    opcode: 0,
  },
  {
    opcode: 142,
  },
  {
    a: 2572636,
    opcode: 161,
  },
  {
    opcode: 141,
  },
  {
    opcode: 141,
  },
  {
    b: 2555904,
    opcode: 143,
  },
  {
    k: 26,
    opcode: 171,
  },
  {
    c: 51,
    opcode: 0,
  },
  {
    opcode: 142,
  },
  {
    b: 4466932,
    opcode: 143,
  },
  {
    c: 82,
    opcode: 0,
  },
  {
    c: 101,
    opcode: 0,
  },
  {
    c: 115,
    opcode: 0,
  },
  {
    c: 117,
    opcode: 0,
  },
  {
    c: 108,
    opcode: 0,
  },
  {
    c: 116,
    opcode: 0,
  },
  {
    c: 115,
    opcode: 0,
  },
  {
    opcode: 142,
  },
  {
    a: 0,
    opcode: 166,
  },
  {
    opcode: 141,
  },
  {
    b: 2555904,
    opcode: 143,
  },
  {
    k: 14,
    opcode: 171,
  },
  {
    c: 73,
    opcode: 0,
  },
  {
    c: 110,
    opcode: 0,
  },
  {
    b: 256680,
    opcode: 147,
  },
  {
    c: 116,
    opcode: 0,
  },
  {
    c: 104,
    opcode: 0,
  },
  {
    c: 105,
    opcode: 0,
  },
  {
    c: 115,
    opcode: 0,
  },
  {
    b: 0,
    opcode: 147,
  },
  {
    c: 115,
    opcode: 0,
  },
  {
    c: 101,
    opcode: 0,
  },
  {
    c: 99,
    opcode: 0,
  },
  {
    c: 116,
    opcode: 0,
  },
  {
    c: 105,
    opcode: 0,
  },
  {
    c: 111,
    opcode: 0,
  },
  {
    c: 110,
    opcode: 0,
  },
  {
    b: 0,
    opcode: 147,
  },
  {
    c: 119,
    opcode: 0,
  },
  {
    b: -21390,
    opcode: 143,
  },
  {
    c: 101,
    opcode: 0,
  },
  {
    b: 0,
    opcode: 147,
  },
  {
    c: 100,
    opcode: 0,
  },
  {
    c: 101,
    opcode: 0,
  },
  {
    c: 115,
    opcode: 0,
  },
  {
    c: 99,
    opcode: 0,
  },
  {
    c: 114,
    opcode: 0,
  },
  {
    c: 105,
    opcode: 0,
  },
  {
    c: 98,
    opcode: 0,
  },
  {
    b: 21390,
    opcode: 143,
  },
  {
    c: 101,
    opcode: 0,
  },
  {
    b: 0,
    opcode: 147,
  },
  {
    c: 116,
    opcode: 0,
  },
  {
    c: 104,
    opcode: 0,
  },
  {
    c: 101,
    opcode: 0,
  },
  {
    b: 0,
    opcode: 147,
  },
  {
    c: 114,
    opcode: 0,
  },
  {
    c: 101,
    opcode: 0,
  },
  {
    c: 115,
    opcode: 0,
  },
  {
    c: 117,
    opcode: 0,
  },
  {
    c: 108,
    opcode: 0,
  },
  {
    c: 116,
    opcode: 0,
  },
  {
    c: 115,
    opcode: 0,
  },
  {
    c: 46,
    opcode: 0,
  },
  {
    opcode: 142,
  },
  {
    a: 0,
    opcode: 161,
  },
  {
    opcode: 141,
  },
  {
    opcode: 141,
  },
  {
    b: 2555904,
    opcode: 143,
  },
  {
    k: 26,
    opcode: 171,
  },
  {
    c: 52,
    opcode: 0,
  },
  {
    opcode: 142,
  },
  {
    b: 4466932,
    opcode: 143,
  },
  {
    c: 67,
    opcode: 0,
  },
  {
    c: 111,
    opcode: 0,
  },
  {
    c: 110,
    opcode: 0,
  },
  {
    c: 99,
    opcode: 0,
  },
  {
    c: 108,
    opcode: 0,
  },
  {
    c: 117,
    opcode: 0,
  },
  {
    c: 115,
    opcode: 0,
  },
  {
    c: 105,
    opcode: 0,
  },
  {
    c: 111,
    opcode: 0,
  },
  {
    c: 110,
    opcode: 0,
  },
  {
    c: 115,
    opcode: 0,
  },
  {
    opcode: 142,
  },
  {
    a: 0,
    opcode: 166,
  },
  {
    opcode: 141,
  },
  {
    b: 2555904,
    opcode: 143,
  },
  {
    k: 14,
    opcode: 171,
  },
  {
    c: 87,
    opcode: 0,
  },
  {
    b: -64170,
    opcode: 143,
  },
  {
    c: 101,
    opcode: 0,
  },
  {
    b: 256680,
    opcode: 152,
  },
  {
    c: 119,
    opcode: 0,
  },
  {
    b: -21390,
    opcode: 147,
  },
  {
    c: 111,
    opcode: 0,
  },
  {
    c: 114,
    opcode: 0,
  },
  {
    c: 107,
    opcode: 0,
  },
  {
    b: 0,
    opcode: 147,
  },
  {
    c: 101,
    opcode: 0,
  },
  {
    c: 100,
    opcode: 0,
  },
  {
    b: 0,
    opcode: 152,
  },
  {
    c: 104,
    opcode: 0,
  },
  {
    c: 97,
    opcode: 0,
  },
  {
    c: 114,
    opcode: 0,
  },
  {
    c: 100,
    opcode: 0,
  },
  {
    c: 44,
    opcode: 0,
  },
  {
    b: 0,
    opcode: 152,
  },
  {
    c: 97,
    opcode: 0,
  },
  {
    c: 110,
    opcode: 0,
  },
  {
    c: 100,
    opcode: 0,
  },
  {
    b: 0,
    opcode: 152,
  },
  {
    c: 97,
    opcode: 0,
  },
  {
    c: 99,
    opcode: 0,
  },
  {
    b: 0,
    opcode: 147,
  },
  {
    c: 104,
    opcode: 0,
  },
  {
    c: 105,
    opcode: 0,
  },
  {
    c: 101,
    opcode: 0,
  },
  {
    c: 118,
    opcode: 0,
  },
  {
    b: 0,
    opcode: 147,
  },
  {
    c: 101,
    opcode: 0,
  },
  {
    c: 100,
    opcode: 0,
  },
  {
    b: 0,
    opcode: 152,
  },
  {
    c: 118,
    opcode: 0,
  },
  {
    b: 0,
    opcode: 147,
  },
  {
    c: 101,
    opcode: 0,
  },
  {
    c: 114,
    opcode: 0,
  },
  {
    c: 121,
    opcode: 0,
  },
  {
    b: 0,
    opcode: 152,
  },
  {
    c: 108,
    opcode: 0,
  },
  {
    c: 105,
    opcode: 0,
  },
  {
    c: 116,
    opcode: 0,
  },
  {
    c: 116,
    opcode: 0,
  },
  {
    c: 108,
    opcode: 0,
  },
  {
    c: 101,
    opcode: 0,
  },
  {
    c: 46,
    opcode: 0,
  },
  {
    opcode: 142,
  },
  {
    opcode: 142,
  },
  {
    a: 1966080,
    opcode: 157,
  },
  {
    opcode: 141,
  },
  {
    b: 15142914,
    opcode: 143,
  },
  {
    c: 49,
    opcode: 0,
  },
  {
    opcode: 142,
  },
  {
    opcode: 142,
  },
  {
    opcode: 140,
  },
  {
    c_0: 2,
    c_1: 0,
    c_2: 0,
    c_3: 0,
    c_4: 0,
    c_5: 0,
    c_6: 0,
    c_7: 0,
    c_8: 0,
    c_9: 0,
    opcode: 139,
    p: 42,
  },
  {
    a: 41451520,
    opcode: 157,
  },
  {
    opcode: 141,
  },
  {
    a: -39550976,
    opcode: 157,
  },
  {
    a: 37584896,
    opcode: 157,
  },
  {
    opcode: 141,
  },
  {
    a: -35160064,
    opcode: 157,
  },
  {
    opcode: 141,
  },
  {
    b: 2555904,
    opcode: 143,
  },
  {
    k: 26,
    opcode: 171,
  },
  {
    c: 82,
    opcode: 0,
  },
  {
    c: 101,
    opcode: 0,
  },
  {
    c: 102,
    opcode: 0,
  },
  {
    c: 101,
    opcode: 0,
  },
  {
    c: 114,
    opcode: 0,
  },
  {
    c: 101,
    opcode: 0,
  },
  {
    c: 110,
    opcode: 0,
  },
  {
    c: 99,
    opcode: 0,
  },
  {
    c: 101,
    opcode: 0,
  },
  {
    c: 115,
    opcode: 0,
  },
  {
    opcode: 142,
  },
  {
    a: 1729059,
    opcode: 157,
  },
  {
    opcode: 141,
  },
  {
    opcode: 141,
  },
  {
    opcode: 141,
  },
  {
    b: 2555904,
    opcode: 143,
  },
  {
    k: 14,
    opcode: 171,
  },
  {
    c: 91,
    opcode: 0,
  },
  {
    c: 49,
    opcode: 0,
  },
  {
    c: 93,
    opcode: 0,
  },
  {
    opcode: 142,
  },
  {
    opcode: 142,
  },
  {
    b: 3753744,
    opcode: 143,
  },
  {
    c: 65,
    opcode: 0,
  },
  {
    c: 46,
    opcode: 0,
  },
  {
    b: 279880,
    opcode: 152,
  },
  {
    c: 78,
    opcode: 0,
  },
  {
    c: 46,
    opcode: 0,
  },
  {
    b: 279881,
    opcode: 147,
  },
  {
    c: 79,
    opcode: 0,
  },
  {
    c: 116,
    opcode: 0,
  },
  {
    c: 104,
    opcode: 0,
  },
  {
    c: 101,
    opcode: 0,
  },
  {
    c: 114,
    opcode: 0,
  },
  {
    c: 46,
    opcode: 0,
  },
  {
    b: 410521,
    opcode: 143,
  },
  {
    c: 68,
    opcode: 0,
  },
  {
    c: 118,
    opcode: 0,
  },
  {
    c: 105,
    opcode: 0,
  },
  {
    b: 0,
    opcode: 147,
  },
  {
    c: 102,
    opcode: 0,
  },
  {
    c: 111,
    opcode: 0,
  },
  {
    c: 114,
    opcode: 0,
  },
  {
    b: 0,
    opcode: 152,
  },
  {
    c: 100,
    opcode: 0,
  },
  {
    c: 117,
    opcode: 0,
  },
  {
    c: 109,
    opcode: 0,
  },
  {
    c: 109,
    opcode: 0,
  },
  {
    c: 105,
    opcode: 0,
  },
  {
    c: 101,
    opcode: 0,
  },
  {
    c: 115,
    opcode: 0,
  },
  {
    c: 46,
    opcode: 0,
  },
  {
    b: 410521,
    opcode: 143,
  },
  {
    c: 109,
    opcode: 0,
  },
  {
    c: 97,
    opcode: 0,
  },
  {
    c: 110,
    opcode: 0,
  },
  {
    b: -21390,
    opcode: 147,
  },
  {
    c: 117,
    opcode: 0,
  },
  {
    c: 115,
    opcode: 0,
  },
  {
    c: 99,
    opcode: 0,
  },
  {
    c: 114,
    opcode: 0,
  },
  {
    c: 105,
    opcode: 0,
  },
  {
    c: 112,
    opcode: 0,
  },
  {
    c: 116,
    opcode: 0,
  },
  {
    c: 44,
    opcode: 0,
  },
  {
    b: 285681,
    opcode: 143,
  },
  {
    c: 83,
    opcode: 0,
  },
  {
    c: 97,
    opcode: 0,
  },
  {
    c: 110,
    opcode: 0,
  },
  {
    b: 0,
    opcode: 147,
  },
  {
    c: 116,
    opcode: 0,
  },
  {
    c: 97,
    opcode: 0,
  },
  {
    c: 39,
    opcode: 0,
  },
  {
    c: 115,
    opcode: 0,
  },
  {
    b: 0,
    opcode: 152,
  },
  {
    c: 71,
    opcode: 0,
  },
  {
    c: 114,
    opcode: 0,
  },
  {
    c: 111,
    opcode: 0,
  },
  {
    c: 116,
    opcode: 0,
  },
  {
    c: 116,
    opcode: 0,
  },
  {
    c: 111,
    opcode: 0,
  },
  {
    c: 44,
    opcode: 0,
  },
  {
    b: 285681,
    opcode: 143,
  },
  {
    c: 84,
    opcode: 0,
  },
  {
    c: 104,
    opcode: 0,
  },
  {
    c: 101,
    opcode: 0,
  },
  {
    b: 0,
    opcode: 152,
  },
  {
    c: 78,
    opcode: 0,
  },
  {
    c: 111,
    opcode: 0,
  },
  {
    c: 114,
    opcode: 0,
  },
  {
    c: 116,
    opcode: 0,
  },
  {
    c: 104,
    opcode: 0,
  },
  {
    opcode: 142,
  },
  {
    a: 950272,
    opcode: 161,
  },
  {
    opcode: 141,
  },
  {
    b: 3753744,
    opcode: 143,
  },
  {
    c: 80,
    opcode: 0,
  },
  {
    b: -21390,
    opcode: 143,
  },
  {
    c: 111,
    opcode: 0,
  },
  {
    c: 108,
    opcode: 0,
  },
  {
    c: 101,
    opcode: 0,
  },
  {
    c: 44,
    opcode: 0,
  },
  {
    b: 256680,
    opcode: 143,
  },
  {
    c: 50,
    opcode: 0,
  },
  {
    c: 48,
    opcode: 0,
  },
  {
    c: 48,
    opcode: 0,
  },
  {
    c: 51,
    opcode: 0,
  },
  {
    c: 46,
    opcode: 0,
  },
  {
    opcode: 142,
  },
  {
    a: 1605632,
    opcode: 157,
  },
  {
    opcode: 141,
  },
  {
    opcode: 141,
  },
  {
    opcode: 141,
  },
  {
    b: 2555904,
    opcode: 143,
  },
  {
    c: 91,
    opcode: 0,
  },
  {
    c: 50,
    opcode: 0,
  },
  {
    c: 93,
    opcode: 0,
  },
  {
    opcode: 142,
  },
  {
    opcode: 142,
  },
  {
    b: 3753744,
    opcode: 143,
  },
  {
    c: 65,
    opcode: 0,
  },
  {
    c: 46,
    opcode: 0,
  },
  {
    b: 1070180,
    opcode: 147,
  },
  {
    c: 83,
    opcode: 0,
  },
  {
    c: 110,
    opcode: 0,
  },
  {
    c: 111,
    opcode: 0,
  },
  {
    b: -21390,
    opcode: 143,
  },
  {
    c: 119,
    opcode: 0,
  },
  {
    c: 100,
    opcode: 0,
  },
  {
    c: 101,
    opcode: 0,
  },
  {
    c: 110,
    opcode: 0,
  },
  {
    c: 46,
    opcode: 0,
  },
  {
    b: 2765620,
    opcode: 152,
  },
  {
    c: 68,
    opcode: 0,
  },
  {
    c: 118,
    opcode: 0,
  },
  {
    c: 105,
    opcode: 0,
  },
  {
    b: 0,
    opcode: 147,
  },
  {
    c: 115,
    opcode: 0,
  },
  {
    c: 112,
    opcode: 0,
  },
  {
    b: 21390,
    opcode: 143,
  },
  {
    c: 101,
    opcode: 0,
  },
  {
    c: 99,
    opcode: 0,
  },
  {
    c: 105,
    opcode: 0,
  },
  {
    c: 12,
    opcode: 0,
  },
  {
    c: 99,
    opcode: 0,
  },
  {
    c: 97,
    opcode: 0,
  },
  {
    c: 116,
    opcode: 0,
  },
  {
    c: 105,
    opcode: 0,
  },
  {
    c: 111,
    opcode: 0,
  },
  {
    c: 110,
    opcode: 0,
  },
  {
    c: 46,
    opcode: 0,
  },
  {
    b: 0,
    opcode: 152,
  },
  {
    c: 119,
    opcode: 0,
  },
  {
    b: -21390,
    opcode: 143,
  },
  {
    c: 101,
    opcode: 0,
  },
  {
    c: 98,
    opcode: 0,
  },
  {
    b: 1070181,
    opcode: 143,
  },
  {
    c: 112,
    opcode: 0,
  },
  {
    c: 97,
    opcode: 0,
  },
  {
    c: 103,
    opcode: 0,
  },
  {
    c: 101,
    opcode: 0,
  },
  {
    c: 44,
    opcode: 0,
  },
  {
    b: 1273555,
    opcode: 143,
  },
  {
    c: 50,
    opcode: 0,
  },
  {
    c: 48,
    opcode: 0,
  },
  {
    c: 48,
    opcode: 0,
  },
  {
    c: 55,
    opcode: 0,
  },
  {
    c: 46,
    opcode: 0,
  },
  {
    opcode: 142,
  },
  {
    a: 0,
    opcode: 161,
  },
  {
    opcode: 141,
  },
  {
    b: 3753744,
    opcode: 143,
  },
  {
    a: 0,
    c: 3750147412,
    d: 786432,
    k: 28,
    l: 6,
    n: "cmtt12",
    opcode: 243,
    s: 786432,
  },
  {
    k: 28,
    opcode: 171,
  },
  {
    c: 104,
    opcode: 0,
  },
  {
    c: 116,
    opcode: 0,
  },
  {
    c: 116,
    opcode: 0,
  },
  {
    c: 112,
    opcode: 0,
  },
  {
    c: 115,
    opcode: 0,
  },
  {
    c: 58,
    opcode: 0,
  },
  {
    c: 47,
    opcode: 0,
  },
  {
    c: 47,
    opcode: 0,
  },
  {
    c: 119,
    opcode: 0,
  },
  {
    c: 101,
    opcode: 0,
  },
  {
    c: 98,
    opcode: 0,
  },
  {
    c: 46,
    opcode: 0,
  },
  {
    c: 97,
    opcode: 0,
  },
  {
    c: 114,
    opcode: 0,
  },
  {
    c: 99,
    opcode: 0,
  },
  {
    c: 104,
    opcode: 0,
  },
  {
    c: 105,
    opcode: 0,
  },
  {
    c: 118,
    opcode: 0,
  },
  {
    c: 101,
    opcode: 0,
  },
  {
    c: 46,
    opcode: 0,
  },
  {
    c: 111,
    opcode: 0,
  },
  {
    c: 114,
    opcode: 0,
  },
  {
    c: 103,
    opcode: 0,
  },
  {
    c: 47,
    opcode: 0,
  },
  {
    c: 119,
    opcode: 0,
  },
  {
    c: 101,
    opcode: 0,
  },
  {
    c: 98,
    opcode: 0,
  },
  {
    c: 47,
    opcode: 0,
  },
  {
    c: 50,
    opcode: 0,
  },
  {
    c: 48,
    opcode: 0,
  },
  {
    c: 48,
    opcode: 0,
  },
  {
    c: 55,
    opcode: 0,
  },
  {
    c: 48,
    opcode: 0,
  },
  {
    c: 52,
    opcode: 0,
  },
  {
    c: 48,
    opcode: 0,
  },
  {
    c: 51,
    opcode: 0,
  },
  {
    c: 48,
    opcode: 0,
  },
  {
    c: 51,
    opcode: 0,
  },
  {
    c: 48,
    opcode: 0,
  },
  {
    c: 51,
    opcode: 0,
  },
  {
    c: 53,
    opcode: 0,
  },
  {
    c: 51,
    opcode: 0,
  },
  {
    c: 47,
    opcode: 0,
  },
  {
    opcode: 142,
  },
  {
    a: 0,
    opcode: 161,
  },
  {
    opcode: 141,
  },
  {
    b: 3753744,
    opcode: 143,
  },
  {
    c: 104,
    opcode: 0,
  },
  {
    c: 116,
    opcode: 0,
  },
  {
    c: 116,
    opcode: 0,
  },
  {
    c: 112,
    opcode: 0,
  },
  {
    c: 58,
    opcode: 0,
  },
  {
    c: 47,
    opcode: 0,
  },
  {
    c: 47,
    opcode: 0,
  },
  {
    c: 119,
    opcode: 0,
  },
  {
    c: 119,
    opcode: 0,
  },
  {
    c: 119,
    opcode: 0,
  },
  {
    c: 46,
    opcode: 0,
  },
  {
    c: 109,
    opcode: 0,
  },
  {
    c: 97,
    opcode: 0,
  },
  {
    c: 116,
    opcode: 0,
  },
  {
    c: 104,
    opcode: 0,
  },
  {
    c: 46,
    opcode: 0,
  },
  {
    c: 117,
    opcode: 0,
  },
  {
    c: 109,
    opcode: 0,
  },
  {
    c: 100,
    opcode: 0,
  },
  {
    c: 46,
    opcode: 0,
  },
  {
    c: 101,
    opcode: 0,
  },
  {
    c: 100,
    opcode: 0,
  },
  {
    c: 117,
    opcode: 0,
  },
  {
    c: 47,
    opcode: 0,
  },
  {
    b: 404685,
    opcode: 143,
  },
  {
    c: 97,
    opcode: 0,
  },
  {
    c: 115,
    opcode: 0,
  },
  {
    c: 110,
    opcode: 0,
  },
  {
    c: 111,
    opcode: 0,
  },
  {
    c: 119,
    opcode: 0,
  },
  {
    c: 100,
    opcode: 0,
  },
  {
    c: 101,
    opcode: 0,
  },
  {
    c: 110,
    opcode: 0,
  },
  {
    c: 47,
    opcode: 0,
  },
  {
    c: 99,
    opcode: 0,
  },
  {
    c: 111,
    opcode: 0,
  },
  {
    c: 109,
    opcode: 0,
  },
  {
    c: 112,
    opcode: 0,
  },
  {
    c: 45,
    opcode: 0,
  },
  {
    c: 99,
    opcode: 0,
  },
  {
    c: 111,
    opcode: 0,
  },
  {
    c: 110,
    opcode: 0,
  },
  {
    c: 116,
    opcode: 0,
  },
  {
    c: 47,
    opcode: 0,
  },
  {
    c: 100,
    opcode: 0,
  },
  {
    c: 118,
    opcode: 0,
  },
  {
    c: 105,
    opcode: 0,
  },
  {
    c: 46,
    opcode: 0,
  },
  {
    c: 104,
    opcode: 0,
  },
  {
    c: 116,
    opcode: 0,
  },
  {
    c: 109,
    opcode: 0,
  },
  {
    c: 108,
    opcode: 0,
  },
  {
    k: 14,
    opcode: 171,
  },
  {
    c: 46,
    opcode: 0,
  },
  {
    opcode: 142,
  },
  {
    opcode: 142,
  },
  {
    a: 1966080,
    opcode: 157,
  },
  {
    opcode: 141,
  },
  {
    b: 15142914,
    opcode: 143,
  },
  {
    c: 50,
    opcode: 0,
  },
  {
    opcode: 142,
  },
  {
    opcode: 142,
  },
  {
    opcode: 140,
  },
  {
    den: 473628672,
    l: 41451520,
    mag: 1000,
    num: 25400000,
    opcode: 248,
    p: 1365,
    s: 9,
    t: 2,
    u: 28114944,
  },
  {
    a: 0,
    c: 3750147412,
    d: 786432,
    k: 28,
    l: 6,
    n: "cmtt12",
    opcode: 243,
    s: 786432,
  },
  {
    a: 0,
    c: 3268824736,
    d: 786432,
    k: 27,
    l: 6,
    n: "cmbx12",
    opcode: 243,
    s: 786432,
  },
  {
    a: 0,
    c: 3268824736,
    d: 786432,
    k: 26,
    l: 6,
    n: "cmbx12",
    opcode: 243,
    s: 1132462,
  },
  {
    a: 0,
    c: 452076118,
    d: 655360,
    k: 24,
    l: 6,
    n: "cmbx10",
    opcode: 243,
    s: 717619,
  },
  {
    a: 0,
    c: 1274110073,
    d: 655360,
    k: 23,
    l: 5,
    n: "cmr10",
    opcode: 243,
    s: 717619,
  },
  {
    a: 0,
    c: 3085002659,
    d: 786432,
    k: 17,
    l: 6,
    n: "cmmi12",
    opcode: 243,
    s: 1359217,
  },
  {
    a: 0,
    c: 1487622411,
    d: 786432,
    k: 16,
    l: 5,
    n: "cmr12",
    opcode: 243,
    s: 943718,
  },
  {
    a: 0,
    c: 1154739572,
    d: 1132462,
    k: 15,
    l: 5,
    n: "cmr17",
    opcode: 243,
    s: 1359217,
  },
  {
    a: 0,
    c: 1487622411,
    d: 786432,
    k: 14,
    l: 5,
    n: "cmr12",
    opcode: 243,
    s: 786432,
  },
]
`;
